Archive member included to satisfy reference by file (symbol)

c:/program files (x86)/atollic/truestudio for stm32 9.3.0/armtools/bin/../lib/gcc/arm-atollic-eabi/6.3.1/../../../../arm-atollic-eabi/lib/armv7e-m/fpu\libc_nano.a(lib_a-errno.o)
                              Src\syscalls.o (__errno)
c:/program files (x86)/atollic/truestudio for stm32 9.3.0/armtools/bin/../lib/gcc/arm-atollic-eabi/6.3.1/../../../../arm-atollic-eabi/lib/armv7e-m/fpu\libc_nano.a(lib_a-impure.o)
                              c:/program files (x86)/atollic/truestudio for stm32 9.3.0/armtools/bin/../lib/gcc/arm-atollic-eabi/6.3.1/../../../../arm-atollic-eabi/lib/armv7e-m/fpu\libc_nano.a(lib_a-errno.o) (_impure_ptr)
c:/program files (x86)/atollic/truestudio for stm32 9.3.0/armtools/bin/../lib/gcc/arm-atollic-eabi/6.3.1/../../../../arm-atollic-eabi/lib/armv7e-m/fpu\libc_nano.a(lib_a-init.o)
                              startup\startup_stm32l476xx.o (__libc_init_array)
c:/program files (x86)/atollic/truestudio for stm32 9.3.0/armtools/bin/../lib/gcc/arm-atollic-eabi/6.3.1/../../../../arm-atollic-eabi/lib/armv7e-m/fpu\libc_nano.a(lib_a-memset.o)
                              Src\main.o (memset)
c:/program files (x86)/atollic/truestudio for stm32 9.3.0/armtools/bin/../lib/gcc/arm-atollic-eabi/6.3.1/armv7e-m/fpu\libgcc.a(_aeabi_uldivmod.o)
                              Drivers\STM32L4xx_HAL_Driver\Src\stm32l4xx_hal_uart.o (__aeabi_uldivmod)
c:/program files (x86)/atollic/truestudio for stm32 9.3.0/armtools/bin/../lib/gcc/arm-atollic-eabi/6.3.1/armv7e-m/fpu\libgcc.a(_udivmoddi4.o)
                              c:/program files (x86)/atollic/truestudio for stm32 9.3.0/armtools/bin/../lib/gcc/arm-atollic-eabi/6.3.1/armv7e-m/fpu\libgcc.a(_aeabi_uldivmod.o) (__udivmoddi4)
c:/program files (x86)/atollic/truestudio for stm32 9.3.0/armtools/bin/../lib/gcc/arm-atollic-eabi/6.3.1/armv7e-m/fpu\libgcc.a(_dvmd_tls.o)
                              c:/program files (x86)/atollic/truestudio for stm32 9.3.0/armtools/bin/../lib/gcc/arm-atollic-eabi/6.3.1/armv7e-m/fpu\libgcc.a(_aeabi_uldivmod.o) (__aeabi_ldiv0)

Allocating common symbols
Common symbol       size              file

msg13               0x8               Src\main.o
c7                  0x1               Src\main.o
msg3                0x8               Src\main.o
msg18               0x8               Src\main.o
msg_counter         0x3               Src\main.o
dest                0x64              Src\main.o
payload_header      0x18              Src\main.o
b                   0x8               Src\main.o
hdma_usart2_rx      0x48              Src\main.o
c6                  0x1               Src\main.o
j                   0x4               Src\main.o
orientation         0x4               Src\main.o
msg6                0x8               Src\main.o
c10                 0x1               Src\main.o
c4                  0x1               Src\main.o
rx_header           0x1c              Src\main.o
c2                  0x1               Src\main.o
GXGY                0x8               Src\main.o
gyroX               0x4               Src\main.o
msg9                0x8               Src\main.o
com3                0x40              Src\main.o
gps3                0x3c              Src\main.o
msg19               0x8               Src\main.o
osd7                0x3c              Src\main.o
GPS_msg             0x50              Src\main.o
msg1                0x8               Src\main.o
msg12               0x8               Src\main.o
longitude_osd       0x8               Src\main.o
osd4                0x3c              Src\main.o
uwTick              0x4               Drivers\STM32L4xx_HAL_Driver\Src\stm32l4xx_hal.o
header_header       0x18              Src\main.o
altitude_osd        0x4               Src\main.o
OSD_msg             0x96              Src\main.o
osd8                0x3c              Src\main.o
osd_head            0x40              Src\main.o
tx_mailbox          0x4               Src\main.o
destZ               0x10              Src\main.o
msg16               0x8               Src\main.o
can_handle          0x28              Src\main.o
alt                 0x4               Src\main.o
msg10               0x8               Src\main.o
c8                  0x1               Src\main.o
msg2                0x8               Src\main.o
c5                  0x1               Src\main.o
msg5                0x8               Src\main.o
gyroZ               0x4               Src\main.o
gyro                0xe               Src\main.o
i                   0x4               Src\main.o
osd10               0x3c              Src\main.o
gyro_head           0x40              Src\main.o
c1                  0x1               Src\main.o
buffer              0x8               Src\main.o
destY               0x10              Src\main.o
Gyro_m              0xc               Src\main.o
tx_header           0x18              Src\main.o
[...]
Memory Configuration

Name             Origin             Length             Attributes
RAM              0x20000000         0x00018000         xrw
RAM2             0x10000000         0x00008000         xrw
FLASH            0x08000000         0x00100000         xr
*default*        0x00000000         0xffffffff

Linker script and memory map

LOAD c:/program files (x86)/atollic/truestudio for stm32 9.3.0/armtools/bin/../lib/gcc/arm-atollic-eabi/6.3.1/armv7e-m/fpu/crti.o
LOAD c:/program files (x86)/atollic/truestudio for stm32 9.3.0/armtools/bin/../lib/gcc/arm-atollic-eabi/6.3.1/armv7e-m/fpu/crtbegin.o
LOAD Drivers\STM32L4xx_HAL_Driver\Src\stm32l4xx_hal.o
LOAD Drivers\STM32L4xx_HAL_Driver\Src\stm32l4xx_hal_can.o
LOAD Drivers\STM32L4xx_HAL_Driver\Src\stm32l4xx_hal_cortex.o
LOAD Drivers\STM32L4xx_HAL_Driver\Src\stm32l4xx_hal_dma.o
LOAD Drivers\STM32L4xx_HAL_Driver\Src\stm32l4xx_hal_dma_ex.o
LOAD Drivers\STM32L4xx_HAL_Driver\Src\stm32l4xx_hal_exti.o
LOAD Drivers\STM32L4xx_HAL_Driver\Src\stm32l4xx_hal_flash.o
LOAD Drivers\STM32L4xx_HAL_Driver\Src\stm32l4xx_hal_flash_ex.o
LOAD Drivers\STM32L4xx_HAL_Driver\Src\stm32l4xx_hal_flash_ramfunc.o
LOAD Drivers\STM32L4xx_HAL_Driver\Src\stm32l4xx_hal_gpio.o
LOAD Drivers\STM32L4xx_HAL_Driver\Src\stm32l4xx_hal_i2c.o
LOAD Drivers\STM32L4xx_HAL_Driver\Src\stm32l4xx_hal_i2c_ex.o
LOAD Drivers\STM32L4xx_HAL_Driver\Src\stm32l4xx_hal_pwr.o
LOAD Drivers\STM32L4xx_HAL_Driver\Src\stm32l4xx_hal_pwr_ex.o
LOAD Drivers\STM32L4xx_HAL_Driver\Src\stm32l4xx_hal_rcc.o
LOAD Drivers\STM32L4xx_HAL_Driver\Src\stm32l4xx_hal_rcc_ex.o
LOAD Drivers\STM32L4xx_HAL_Driver\Src\stm32l4xx_hal_tim.o
LOAD Drivers\STM32L4xx_HAL_Driver\Src\stm32l4xx_hal_tim_ex.o
LOAD Drivers\STM32L4xx_HAL_Driver\Src\stm32l4xx_hal_uart.o
LOAD Drivers\STM32L4xx_HAL_Driver\Src\stm32l4xx_hal_uart_ex.o
LOAD Src\main.o
LOAD Src\stm32l4xx_hal_msp.o
LOAD Src\stm32l4xx_it.o
LOAD Src\syscalls.o
LOAD Src\system_stm32l4xx.o
LOAD startup\startup_stm32l476xx.o
                0x00000080                malloc_getpagesize_P = 0x80
START GROUP
LOAD c:/program files (x86)/atollic/truestudio for stm32 9.3.0/armtools/bin/../lib/gcc/arm-atollic-eabi/6.3.1/../../../../arm-atollic-eabi/lib/armv7e-m/fpu\libc_nano.a
LOAD c:/program files (x86)/atollic/truestudio for stm32 9.3.0/armtools/bin/../lib/gcc/arm-atollic-eabi/6.3.1/../../../../arm-atollic-eabi/lib/armv7e-m/fpu\libm.a
END GROUP
START GROUP
LOAD c:/program files (x86)/atollic/truestudio for stm32 9.3.0/armtools/bin/../lib/gcc/arm-atollic-eabi/6.3.1/armv7e-m/fpu\libgcc.a
LOAD c:/program files (x86)/atollic/truestudio for stm32 9.3.0/armtools/bin/../lib/gcc/arm-atollic-eabi/6.3.1/../../../../arm-atollic-eabi/lib/armv7e-m/fpu\libc_nano.a
END GROUP
START GROUP
LOAD c:/program files (x86)/atollic/truestudio for stm32 9.3.0/armtools/bin/../lib/gcc/arm-atollic-eabi/6.3.1/armv7e-m/fpu\libgcc.a
LOAD c:/program files (x86)/atollic/truestudio for stm32 9.3.0/armtools/bin/../lib/gcc/arm-atollic-eabi/6.3.1/../../../../arm-atollic-eabi/lib/armv7e-m/fpu\libc_nano.a
LOAD c:/program files (x86)/atollic/truestudio for stm32 9.3.0/armtools/bin/../lib/gcc/arm-atollic-eabi/6.3.1/../../../../arm-atollic-eabi/lib/armv7e-m/fpu\libnosys.a
END GROUP
START GROUP
LOAD c:/program files (x86)/atollic/truestudio for stm32 9.3.0/armtools/bin/../lib/gcc/arm-atollic-eabi/6.3.1/armv7e-m/fpu\libgcc.a
LOAD c:/program files (x86)/atollic/truestudio for stm32 9.3.0/armtools/bin/../lib/gcc/arm-atollic-eabi/6.3.1/../../../../arm-atollic-eabi/lib/armv7e-m/fpu\libc_nano.a
LOAD c:/program files (x86)/atollic/truestudio for stm32 9.3.0/armtools/bin/../lib/gcc/arm-atollic-eabi/6.3.1/../../../../arm-atollic-eabi/lib/armv7e-m/fpu\libnosys.a
END GROUP
LOAD c:/program files (x86)/atollic/truestudio for stm32 9.3.0/armtools/bin/../lib/gcc/arm-atollic-eabi/6.3.1/armv7e-m/fpu/crtend.o
LOAD c:/program files (x86)/atollic/truestudio for stm32 9.3.0/armtools/bin/../lib/gcc/arm-atollic-eabi/6.3.1/armv7e-m/fpu/crtn.o
                0x20018000                _estack = 0x20018000
                0x00000200                _Min_Heap_Size = 0x200
                0x00000400                _Min_Stack_Size = 0x400

.isr_vector     0x08000000      0x188
                0x08000000                . = ALIGN (0x4)
 *(.isr_vector)
 .isr_vector    0x08000000      0x188 startup\startup_stm32l476xx.o
                0x08000000                g_pfnVectors
                0x08000188                . = ALIGN (0x4)

.text           0x08000188     0x215c
                0x08000188                . = ALIGN (0x4)
 *(.text)
 .text          0x08000188       0x40 c:/program files (x86)/atollic/truestudio for stm32 9.3.0/armtools/bin/../lib/gcc/arm-atollic-eabi/6.3.1/armv7e-m/fpu/crtbegin.o
 .text          0x080001c8       0x30 c:/program files (x86)/atollic/truestudio for stm32 9.3.0/armtools/bin/../lib/gcc/arm-atollic-eabi/6.3.1/armv7e-m/fpu\libgcc.a(_aeabi_uldivmod.o)
                0x080001c8                __aeabi_uldivmod
 .text          0x080001f8      0x2dc c:/program files (x86)/atollic/truestudio for stm32 9.3.0/armtools/bin/../lib/gcc/arm-atollic-eabi/6.3.1/armv7e-m/fpu\libgcc.a(_udivmoddi4.o)
                0x080001f8                __udivmoddi4
 .text          0x080004d4        0x4 c:/program files (x86)/atollic/truestudio for stm32 9.3.0/armtools/bin/../lib/gcc/arm-atollic-eabi/6.3.1/armv7e-m/fpu\libgcc.a(_dvmd_tls.o)
                0x080004d4                __aeabi_idiv0
                0x080004d4                __aeabi_ldiv0
 *(.text*)
 .text.HAL_InitTick
                0x080004d8       0x4c Drivers\STM32L4xx_HAL_Driver\Src\stm32l4xx_hal.o
                0x080004d8                HAL_InitTick
 .text.HAL_Init
                0x08000524       0x2c Drivers\STM32L4xx_HAL_Driver\Src\stm32l4xx_hal.o
                0x08000524                HAL_Init
 .text.HAL_IncTick
                0x08000550       0x18 Drivers\STM32L4xx_HAL_Driver\Src\stm32l4xx_hal.o
                0x08000550                HAL_IncTick
 .text.HAL_GetTick
                0x08000568        0xc Drivers\STM32L4xx_HAL_Driver\Src\stm32l4xx_hal.o
                0x08000568                HAL_GetTick
 .text.HAL_Delay
                0x08000574       0x28 Drivers\STM32L4xx_HAL_Driver\Src\stm32l4xx_hal.o
                0x08000574                HAL_Delay
 .text.HAL_CAN_Init
                0x0800059c       0xf6 Drivers\STM32L4xx_HAL_Driver\Src\stm32l4xx_hal_can.o
                0x0800059c                HAL_CAN_Init
 .text.HAL_CAN_ConfigFilter
                0x08000692       0xd8 Drivers\STM32L4xx_HAL_Driver\Src\stm32l4xx_hal_can.o
                0x08000692                HAL_CAN_ConfigFilter
 .text.HAL_CAN_Start
                0x0800076a       0x56 Drivers\STM32L4xx_HAL_Driver\Src\stm32l4xx_hal_can.o
                0x0800076a                HAL_CAN_Start
 .text.HAL_CAN_AddTxMessage
                0x080007c0       0x9a Drivers\STM32L4xx_HAL_Driver\Src\stm32l4xx_hal_can.o
                0x080007c0                HAL_CAN_AddTxMessage
 .text.HAL_CAN_GetRxMessage
                0x0800085a       0xec Drivers\STM32L4xx_HAL_Driver\Src\stm32l4xx_hal_can.o
                0x0800085a                HAL_CAN_GetRxMessage
 .text.HAL_CAN_ActivateNotification
                0x08000946       0x22 Drivers\STM32L4xx_HAL_Driver\Src\stm32l4xx_hal_can.o
                0x08000946                HAL_CAN_ActivateNotification
 .text.HAL_CAN_TxMailbox0CompleteCallback
                0x08000968        0x2 Drivers\STM32L4xx_HAL_Driver\Src\stm32l4xx_hal_can.o
                0x08000968                HAL_CAN_TxMailbox0CompleteCallback
 .text.HAL_CAN_TxMailbox1CompleteCallback
                0x0800096a        0x2 Drivers\STM32L4xx_HAL_Driver\Src\stm32l4xx_hal_can.o
                0x0800096a                HAL_CAN_TxMailbox1CompleteCallback
 .text.HAL_CAN_TxMailbox2CompleteCallback
                0x0800096c        0x2 Drivers\STM32L4xx_HAL_Driver\Src\stm32l4xx_hal_can.o
                0x0800096c                HAL_CAN_TxMailbox2CompleteCallback
 .text.HAL_CAN_TxMailbox0AbortCallback
                0x0800096e        0x2 Drivers\STM32L4xx_HAL_Driver\Src\stm32l4xx_hal_can.o
                0x0800096e                HAL_CAN_TxMailbox0AbortCallback
 .text.HAL_CAN_TxMailbox1AbortCallback
                0x08000970        0x2 Drivers\STM32L4xx_HAL_Driver\Src\stm32l4xx_hal_can.o
                0x08000970                HAL_CAN_TxMailbox1AbortCallback
 .text.HAL_CAN_TxMailbox2AbortCallback
                0x08000972        0x2 Drivers\STM32L4xx_HAL_Driver\Src\stm32l4xx_hal_can.o
                0x08000972                HAL_CAN_TxMailbox2AbortCallback
 .text.HAL_CAN_RxFifo0FullCallback
                0x08000974        0x2 Drivers\STM32L4xx_HAL_Driver\Src\stm32l4xx_hal_can.o
                0x08000974                HAL_CAN_RxFifo0FullCallback
 .text.HAL_CAN_RxFifo1MsgPendingCallback
                0x08000976        0x2 Drivers\STM32L4xx_HAL_Driver\Src\stm32l4xx_hal_can.o
                0x08000976                HAL_CAN_RxFifo1MsgPendingCallback
 .text.HAL_CAN_RxFifo1FullCallback
                0x08000978        0x2 Drivers\STM32L4xx_HAL_Driver\Src\stm32l4xx_hal_can.o
                0x08000978                HAL_CAN_RxFifo1FullCallback
 .text.HAL_CAN_SleepCallback
                0x0800097a        0x2 Drivers\STM32L4xx_HAL_Driver\Src\stm32l4xx_hal_can.o
                0x0800097a                HAL_CAN_SleepCallback
 .text.HAL_CAN_WakeUpFromRxMsgCallback
                0x0800097c        0x2 Drivers\STM32L4xx_HAL_Driver\Src\stm32l4xx_hal_can.o
                0x0800097c                HAL_CAN_WakeUpFromRxMsgCallback
 .text.HAL_CAN_ErrorCallback
                0x0800097e        0x2 Drivers\STM32L4xx_HAL_Driver\Src\stm32l4xx_hal_can.o
                0x0800097e                HAL_CAN_ErrorCallback
 .text.HAL_CAN_IRQHandler
                0x08000980      0x1fc Drivers\STM32L4xx_HAL_Driver\Src\stm32l4xx_hal_can.o
                0x08000980                HAL_CAN_IRQHandler
 .text.HAL_NVIC_SetPriorityGrouping
                0x08000b7c       0x24 Drivers\STM32L4xx_HAL_Driver\Src\stm32l4xx_hal_cortex.o
                0x08000b7c                HAL_NVIC_SetPriorityGrouping
 .text.HAL_NVIC_SetPriority
                0x08000ba0       0x68 Drivers\STM32L4xx_HAL_Driver\Src\stm32l4xx_hal_cortex.o
                0x08000ba0                HAL_NVIC_SetPriority
 .text.HAL_NVIC_EnableIRQ
                0x08000c08       0x1c Drivers\STM32L4xx_HAL_Driver\Src\stm32l4xx_hal_cortex.o
                0x08000c08                HAL_NVIC_EnableIRQ
 .text.HAL_SYSTICK_Config
                0x08000c24       0x2c Drivers\STM32L4xx_HAL_Driver\Src\stm32l4xx_hal_cortex.o
                0x08000c24                HAL_SYSTICK_Config
 .text.HAL_SYSTICK_CLKSourceConfig
                0x08000c50       0x18 Drivers\STM32L4xx_HAL_Driver\Src\stm32l4xx_hal_cortex.o
                0x08000c50                HAL_SYSTICK_CLKSourceConfig
 .text.HAL_SYSTICK_Callback
                0x08000c68        0x2 Drivers\STM32L4xx_HAL_Driver\Src\stm32l4xx_hal_cortex.o
                0x08000c68                HAL_SYSTICK_Callback
 .text.HAL_SYSTICK_IRQHandler
                0x08000c6a        0x8 Drivers\STM32L4xx_HAL_Driver\Src\stm32l4xx_hal_cortex.o
                0x08000c6a                HAL_SYSTICK_IRQHandler
 .text.HAL_DMA_Abort_IT
                0x08000c72       0x4c Drivers\STM32L4xx_HAL_Driver\Src\stm32l4xx_hal_dma.o
                0x08000c72                HAL_DMA_Abort_IT
 *fill*         0x08000cbe        0x2 
 .text.HAL_GPIO_Init
                0x08000cc0      0x1b8 Drivers\STM32L4xx_HAL_Driver\Src\stm32l4xx_hal_gpio.o
                0x08000cc0                HAL_GPIO_Init
 .text.HAL_GPIO_WritePin
                0x08000e78        0xa Drivers\STM32L4xx_HAL_Driver\Src\stm32l4xx_hal_gpio.o
                0x08000e78                HAL_GPIO_WritePin
 *fill*         0x08000e82        0x2 
 .text.HAL_PWREx_GetVoltageRange
                0x08000e84       0x10 Drivers\STM32L4xx_HAL_Driver\Src\stm32l4xx_hal_pwr_ex.o
                0x08000e84                HAL_PWREx_GetVoltageRange
 .text.HAL_PWREx_ControlVoltageScaling
                0x08000e94       0x6c Drivers\STM32L4xx_HAL_Driver\Src\stm32l4xx_hal_pwr_ex.o
                0x08000e94                HAL_PWREx_ControlVoltageScaling
 .text.RCC_SetFlashLatencyFromMSIRange
                0x08000f00       0x84 Drivers\STM32L4xx_HAL_Driver\Src\stm32l4xx_hal_rcc.o
 .text.HAL_RCC_DeInit
                0x08000f84       0xe0 Drivers\STM32L4xx_HAL_Driver\Src\stm32l4xx_hal_rcc.o
                0x08000f84                HAL_RCC_DeInit
 .text.HAL_RCC_GetSysClockFreq
                0x08001064       0x9c Drivers\STM32L4xx_HAL_Driver\Src\stm32l4xx_hal_rcc.o
                0x08001064                HAL_RCC_GetSysClockFreq
 .text.HAL_RCC_OscConfig
                0x08001100      0x4c4 Drivers\STM32L4xx_HAL_Driver\Src\stm32l4xx_hal_rcc.o
                0x08001100                HAL_RCC_OscConfig
 .text.HAL_RCC_ClockConfig
                0x080015c4      0x12c Drivers\STM32L4xx_HAL_Driver\Src\stm32l4xx_hal_rcc.o
                0x080015c4                HAL_RCC_ClockConfig
 .text.HAL_RCC_GetPCLK1Freq
                0x080016f0       0x24 Drivers\STM32L4xx_HAL_Driver\Src\stm32l4xx_hal_rcc.o
                0x080016f0                HAL_RCC_GetPCLK1Freq
 .text.HAL_RCC_GetPCLK2Freq
                0x08001714       0x24 Drivers\STM32L4xx_HAL_Driver\Src\stm32l4xx_hal_rcc.o
                0x08001714                HAL_RCC_GetPCLK2Freq
 .text.UART_EndRxTransfer
                0x08001738       0x1c Drivers\STM32L4xx_HAL_Driver\Src\stm32l4xx_hal_uart.o
 .text.HAL_UART_TxCpltCallback
                0x08001754        0x2 Drivers\STM32L4xx_HAL_Driver\Src\stm32l4xx_hal_uart.o
                0x08001754                HAL_UART_TxCpltCallback
 .text.HAL_UART_ErrorCallback
                0x08001756        0x2 Drivers\STM32L4xx_HAL_Driver\Src\stm32l4xx_hal_uart.o
                0x08001756                HAL_UART_ErrorCallback
 .text.HAL_UART_IRQHandler
                0x08001758      0x12c Drivers\STM32L4xx_HAL_Driver\Src\stm32l4xx_hal_uart.o
                0x08001758                HAL_UART_IRQHandler
 .text.UART_DMAAbortOnError
                0x08001884       0x14 Drivers\STM32L4xx_HAL_Driver\Src\stm32l4xx_hal_uart.o
 .text.UART_SetConfig
                0x08001898      0x330 Drivers\STM32L4xx_HAL_Driver\Src\stm32l4xx_hal_uart.o
                0x08001898                UART_SetConfig
 .text.UART_AdvFeatureConfig
                0x08001bc8       0xa8 Drivers\STM32L4xx_HAL_Driver\Src\stm32l4xx_hal_uart.o
                0x08001bc8                UART_AdvFeatureConfig
 .text.UART_WaitOnFlagUntilTimeout
                0x08001c70       0x5e Drivers\STM32L4xx_HAL_Driver\Src\stm32l4xx_hal_uart.o
                0x08001c70                UART_WaitOnFlagUntilTimeout
 .text.HAL_UART_Transmit
                0x08001cce       0xae Drivers\STM32L4xx_HAL_Driver\Src\stm32l4xx_hal_uart.o
                0x08001cce                HAL_UART_Transmit
 .text.UART_CheckIdleState
                0x08001d7c       0x60 Drivers\STM32L4xx_HAL_Driver\Src\stm32l4xx_hal_uart.o
                0x08001d7c                UART_CheckIdleState
 .text.HAL_UART_Init
                0x08001ddc       0x5c Drivers\STM32L4xx_HAL_Driver\Src\stm32l4xx_hal_uart.o
                0x08001ddc                HAL_UART_Init
 .text.HAL_UARTEx_WakeupCallback
                0x08001e38        0x2 Drivers\STM32L4xx_HAL_Driver\Src\stm32l4xx_hal_uart_ex.o
                0x08001e38                HAL_UARTEx_WakeupCallback
 *fill*         0x08001e3a        0x2 
 .text.HAL_CAN_RxFifo0MsgPendingCallback
                0x08001e3c       0x2c Src\main.o
                0x08001e3c                HAL_CAN_RxFifo0MsgPendingCallback
 .text.SystemClock_Config
                0x08001e68       0x74 Src\main.o
                0x08001e68                SystemClock_Config
 .text.startup.main
                0x08001edc      0x1b4 Src\main.o
                0x08001edc                main
 .text.HAL_MspInit
                0x08002090       0x30 Src\stm32l4xx_hal_msp.o
                0x08002090                HAL_MspInit
 .text.HAL_CAN_MspInit
                0x080020c0       0x60 Src\stm32l4xx_hal_msp.o
                0x080020c0                HAL_CAN_MspInit
 .text.HAL_UART_MspInit
                0x08002120       0x74 Src\stm32l4xx_hal_msp.o
                0x08002120                HAL_UART_MspInit
 .text.NMI_Handler
                0x08002194        0x2 Src\stm32l4xx_it.o
                0x08002194                NMI_Handler
 .text.HardFault_Handler
                0x08002196        0x2 Src\stm32l4xx_it.o
                0x08002196                HardFault_Handler
 .text.MemManage_Handler
                0x08002198        0x2 Src\stm32l4xx_it.o
                0x08002198                MemManage_Handler
 .text.BusFault_Handler
                0x0800219a        0x2 Src\stm32l4xx_it.o
                0x0800219a                BusFault_Handler
 .text.UsageFault_Handler
                0x0800219c        0x2 Src\stm32l4xx_it.o
                0x0800219c                UsageFault_Handler
 .text.SVC_Handler
                0x0800219e        0x2 Src\stm32l4xx_it.o
                0x0800219e                SVC_Handler
 .text.DebugMon_Handler
                0x080021a0        0x2 Src\stm32l4xx_it.o
                0x080021a0                DebugMon_Handler
 .text.PendSV_Handler
                0x080021a2        0x2 Src\stm32l4xx_it.o
                0x080021a2                PendSV_Handler
 .text.SysTick_Handler
                0x080021a4        0xe Src\stm32l4xx_it.o
                0x080021a4                SysTick_Handler
 *fill*         0x080021b2        0x2 
 .text.CAN1_RX0_IRQHandler
                0x080021b4       0x18 Src\stm32l4xx_it.o
                0x080021b4                CAN1_RX0_IRQHandler
 .text.USART2_IRQHandler
                0x080021cc        0xc Src\stm32l4xx_it.o
                0x080021cc                USART2_IRQHandler
 .text.SystemInit
                0x080021d8       0x48 Src\system_stm32l4xx.o
                0x080021d8                SystemInit
 .text.Reset_Handler
                0x08002220       0x50 startup\startup_stm32l476xx.o
                0x08002220                Reset_Handler
 .text.Default_Handler
                0x08002270        0x2 startup\startup_stm32l476xx.o
                0x08002270                RTC_Alarm_IRQHandler
                0x08002270                EXTI2_IRQHandler
                0x08002270                TIM8_TRG_COM_IRQHandler
                0x08002270                TIM8_CC_IRQHandler
                0x08002270                TIM1_CC_IRQHandler
                0x08002270                TSC_IRQHandler
                0x08002270                TAMP_STAMP_IRQHandler
                0x08002270                EXTI3_IRQHandler
                0x08002270                LPTIM2_IRQHandler
                0x08002270                DFSDM1_FLT1_IRQHandler
                0x08002270                I2C3_ER_IRQHandler
                0x08002270                DFSDM1_FLT2_IRQHandler
                0x08002270                EXTI0_IRQHandler
                0x08002270                I2C2_EV_IRQHandler
                0x08002270                FPU_IRQHandler
                0x08002270                TIM1_UP_TIM16_IRQHandler
                0x08002270                ADC1_2_IRQHandler
                0x08002270                SPI1_IRQHandler
                0x08002270                TIM6_DAC_IRQHandler
                0x08002270                TIM8_UP_IRQHandler
                0x08002270                DMA2_Channel2_IRQHandler
                0x08002270                DMA1_Channel4_IRQHandler
                0x08002270                SAI2_IRQHandler
                0x08002270                DFSDM1_FLT3_IRQHandler
                0x08002270                USART3_IRQHandler
                0x08002270                DMA1_Channel7_IRQHandler
                0x08002270                CAN1_RX1_IRQHandler
                0x08002270                LCD_IRQHandler
                0x08002270                UART5_IRQHandler
                0x08002270                ADC3_IRQHandler
                0x08002270                TIM4_IRQHandler
                0x08002270                DMA2_Channel1_IRQHandler
                0x08002270                QUADSPI_IRQHandler
                0x08002270                I2C1_EV_IRQHandler
                0x08002270                DMA1_Channel6_IRQHandler
                0x08002270                UART4_IRQHandler
                0x08002270                DMA2_Channel4_IRQHandler
                0x08002270                TIM3_IRQHandler
                0x08002270                RCC_IRQHandler
                0x08002270                DMA1_Channel1_IRQHandler
                0x08002270                Default_Handler
                0x08002270                DMA2_Channel7_IRQHandler
                0x08002270                EXTI15_10_IRQHandler
                0x08002270                TIM7_IRQHandler
                0x08002270                SDMMC1_IRQHandler
                0x08002270                TIM5_IRQHandler
                0x08002270                I2C3_EV_IRQHandler
                0x08002270                EXTI9_5_IRQHandler
                0x08002270                RTC_WKUP_IRQHandler
                0x08002270                PVD_PVM_IRQHandler
                0x08002270                SPI2_IRQHandler
                0x08002270                CAN1_TX_IRQHandler
                0x08002270                DMA2_Channel5_IRQHandler
                0x08002270                DMA1_Channel5_IRQHandler
                0x08002270                EXTI4_IRQHandler
                0x08002270                RNG_IRQHandler
                0x08002270                TIM1_TRG_COM_TIM17_IRQHandler
                0x08002270                DMA1_Channel3_IRQHandler
                0x08002270                COMP_IRQHandler
                0x08002270                WWDG_IRQHandler
                0x08002270                LPUART1_IRQHandler
                0x08002270                DMA2_Channel6_IRQHandler
                0x08002270                TIM2_IRQHandler
                0x08002270                EXTI1_IRQHandler
                0x08002270                DFSDM1_FLT0_IRQHandler
                0x08002270                I2C2_ER_IRQHandler
                0x08002270                DMA1_Channel2_IRQHandler
                0x08002270                TIM8_BRK_IRQHandler
                0x08002270                CAN1_SCE_IRQHandler
                0x08002270                FLASH_IRQHandler
                0x08002270                USART1_IRQHandler
                0x08002270                OTG_FS_IRQHandler
                0x08002270                SPI3_IRQHandler
                0x08002270                I2C1_ER_IRQHandler
                0x08002270                FMC_IRQHandler
                0x08002270                SWPMI1_IRQHandler
                0x08002270                LPTIM1_IRQHandler
                0x08002270                SAI1_IRQHandler
                0x08002270                DMA2_Channel3_IRQHandler
                0x08002270                TIM1_BRK_TIM15_IRQHandler
 *fill*         0x08002272        0x2 
 .text.__libc_init_array
                0x08002274       0x48 c:/program files (x86)/atollic/truestudio for stm32 9.3.0/armtools/bin/../lib/gcc/arm-atollic-eabi/6.3.1/../../../../arm-atollic-eabi/lib/armv7e-m/fpu\libc_nano.a(lib_a-init.o)
                0x08002274                __libc_init_array
 .text.memset   0x080022bc       0x10 c:/program files (x86)/atollic/truestudio for stm32 9.3.0/armtools/bin/../lib/gcc/arm-atollic-eabi/6.3.1/../../../../arm-atollic-eabi/lib/armv7e-m/fpu\libc_nano.a(lib_a-memset.o)
                0x080022bc                memset
 *(.glue_7)
 .glue_7        0x080022cc        0x0 linker stubs
 *(.glue_7t)
 .glue_7t       0x080022cc        0x0 linker stubs
 *(.eh_frame)
 .eh_frame      0x080022cc        0x0 c:/program files (x86)/atollic/truestudio for stm32 9.3.0/armtools/bin/../lib/gcc/arm-atollic-eabi/6.3.1/armv7e-m/fpu/crtbegin.o
 *(.init)
 .init          0x080022cc        0x4 c:/program files (x86)/atollic/truestudio for stm32 9.3.0/armtools/bin/../lib/gcc/arm-atollic-eabi/6.3.1/armv7e-m/fpu/crti.o
                0x080022cc                _init
 .init          0x080022d0        0x8 c:/program files (x86)/atollic/truestudio for stm32 9.3.0/armtools/bin/../lib/gcc/arm-atollic-eabi/6.3.1/armv7e-m/fpu/crtn.o
 *(.fini)
 .fini          0x080022d8        0x4 c:/program files (x86)/atollic/truestudio for stm32 9.3.0/armtools/bin/../lib/gcc/arm-atollic-eabi/6.3.1/armv7e-m/fpu/crti.o
                0x080022d8                _fini
 .fini          0x080022dc        0x8 c:/program files (x86)/atollic/truestudio for stm32 9.3.0/armtools/bin/../lib/gcc/arm-atollic-eabi/6.3.1/armv7e-m/fpu/crtn.o
                0x080022e4                . = ALIGN (0x4)
                0x080022e4                _etext = .

.vfp11_veneer   0x080022e4        0x0
 .vfp11_veneer  0x080022e4        0x0 linker stubs

.v4_bx          0x080022e4        0x0
 .v4_bx         0x080022e4        0x0 linker stubs

.iplt           0x080022e4        0x0
 .iplt          0x080022e4        0x0 c:/program files (x86)/atollic/truestudio for stm32 9.3.0/armtools/bin/../lib/gcc/arm-atollic-eabi/6.3.1/armv7e-m/fpu/crtbegin.o

.rodata         0x080022e4       0x5c
                0x080022e4                . = ALIGN (0x4)
 *(.rodata)
 *(.rodata*)
 .rodata.CSWTCH.49
                0x080022e4        0x4 Drivers\STM32L4xx_HAL_Driver\Src\stm32l4xx_hal_uart.o
 .rodata.CSWTCH.50
                0x080022e8        0xd Drivers\STM32L4xx_HAL_Driver\Src\stm32l4xx_hal_uart.o
 .rodata.AHBPrescTable
                0x080022f5       0x10 Src\system_stm32l4xx.o
                0x080022f5                AHBPrescTable
 .rodata.APBPrescTable
                0x08002305        0x8 Src\system_stm32l4xx.o
                0x08002305                APBPrescTable
 *fill*         0x0800230d        0x3 
 .rodata.MSIRangeTable
                0x08002310       0x30 Src\system_stm32l4xx.o
                0x08002310                MSIRangeTable
                0x08002340                . = ALIGN (0x4)

.ARM.extab
 *(.ARM.extab* .gnu.linkonce.armextab.*)

.ARM            0x08002340        0x8
                0x08002340                __exidx_start = .
 *(.ARM.exidx*)
 .ARM.exidx     0x08002340        0x8 c:/program files (x86)/atollic/truestudio for stm32 9.3.0/armtools/bin/../lib/gcc/arm-atollic-eabi/6.3.1/armv7e-m/fpu\libgcc.a(_udivmoddi4.o)
                0x08002348                __exidx_end = .

.rel.dyn        0x08002348        0x0
 .rel.iplt      0x08002348        0x0 c:/program files (x86)/atollic/truestudio for stm32 9.3.0/armtools/bin/../lib/gcc/arm-atollic-eabi/6.3.1/armv7e-m/fpu/crtbegin.o

.preinit_array  0x08002348        0x0
                0x08002348                PROVIDE (__preinit_array_start, .)
 *(.preinit_array*)
                0x08002348                PROVIDE (__preinit_array_end, .)

.init_array     0x08002348        0x4
                0x08002348                PROVIDE (__init_array_start, .)
 *(SORT(.init_array.*))
 *(.init_array*)
 .init_array    0x08002348        0x4 c:/program files (x86)/atollic/truestudio for stm32 9.3.0/armtools/bin/../lib/gcc/arm-atollic-eabi/6.3.1/armv7e-m/fpu/crtbegin.o
                0x0800234c                PROVIDE (__init_array_end, .)

.fini_array     0x0800234c        0x4
                [!provide]                PROVIDE (__fini_array_start, .)
 *(SORT(.fini_array.*))
 *(.fini_array*)
 .fini_array    0x0800234c        0x4 c:/program files (x86)/atollic/truestudio for stm32 9.3.0/armtools/bin/../lib/gcc/arm-atollic-eabi/6.3.1/armv7e-m/fpu/crtbegin.o
                [!provide]                PROVIDE (__fini_array_end, .)
                0x08002350                _sidata = LOADADDR (.data)

.data           0x20000000       0x18 load address 0x08002350
                0x20000000                . = ALIGN (0x4)
                0x20000000                _sdata = .
 *(.data)
 *(.data*)
 .data.uwTickFreq
                0x20000000        0x4 Drivers\STM32L4xx_HAL_Driver\Src\stm32l4xx_hal.o
                0x20000000                uwTickFreq
 .data.uwTickPrio
                0x20000004        0x4 Drivers\STM32L4xx_HAL_Driver\Src\stm32l4xx_hal.o
                0x20000004                uwTickPrio
 .data.TxData_footer
                0x20000008        0x4 Src\main.o
                0x20000008                TxData_footer
 .data.TxData_header_payload
                0x2000000c        0x8 Src\main.o
                0x2000000c                TxData_header_payload
 .data.SystemCoreClock
                0x20000014        0x4 Src\system_stm32l4xx.o
                0x20000014                SystemCoreClock
                0x20000018                . = ALIGN (0x4)
                0x20000018                _edata = .

.igot.plt       0x20000018        0x0 load address 0x08002368
 .igot.plt      0x20000018        0x0 c:/program files (x86)/atollic/truestudio for stm32 9.3.0/armtools/bin/../lib/gcc/arm-atollic-eabi/6.3.1/armv7e-m/fpu/crtbegin.o
                0x20000018                . = ALIGN (0x4)

.bss            0x20000018      0x9b8 load address 0x08002368
                0x20000018                _sbss = .
                0x20000018                __bss_start__ = _sbss
 *(.bss)
 .bss           0x20000018       0x1c c:/program files (x86)/atollic/truestudio for stm32 9.3.0/armtools/bin/../lib/gcc/arm-atollic-eabi/6.3.1/armv7e-m/fpu/crtbegin.o
 *(.bss*)
 *(COMMON)
 COMMON         0x20000034        0x4 Drivers\STM32L4xx_HAL_Driver\Src\stm32l4xx_hal.o
                0x20000034                uwTick
 COMMON         0x20000038      0x995 Src\main.o
                0x20000038                msg13
                0x20000040                c7
                0x20000041                msg3
                0x20000049                msg18
                0x20000051                msg_counter
                0x20000054                dest
                0x200000b8                payload_header
                0x200000d0                b
                0x200000d8                hdma_usart2_rx
                0x20000120                c6
                0x20000124                j
                0x20000128                orientation
                0x2000012c                msg6
                0x20000134                c10
                0x20000135                c4
                0x20000138                rx_header
                0x20000154                c2
                0x20000158                GXGY
                0x20000160                gyroX
                0x20000164                msg9
                0x2000016c                com3
                0x200001ac                gps3
                0x200001e8                msg19
                0x200001f0                osd7
                0x2000022c                GPS_msg
                0x2000027c                msg1
                0x20000284                msg12
                0x20000290                longitude_osd
                0x20000298                osd4
                0x200002d4                header_header
                0x200002ec                altitude_osd
                0x200002f0                OSD_msg
                0x20000386                osd8
                0x200003c2                osd_head
                0x20000404                tx_mailbox
                0x20000408                destZ
                0x20000418                msg16
                0x20000420                can_handle
                0x20000448                alt
                0x2000044c                msg10
                0x20000454                c8
                0x20000455                msg2
                0x2000045d                c5
                0x2000045e                msg5
                0x20000468                gyroZ
                0x2000046c                gyro
                0x2000047c                i
                0x20000480                osd10
                0x200004bc                gyro_head
                0x200004fc                c1
                0x200004fd                buffer
                0x20000505                destY
                0x20000518                Gyro_m
                0x20000524                tx_header
                0x2000053c                OSD_m
                0x200005b4                com2
                0x200005f4                msg15
                0x200005fc                gps2
                0x20000638                msg20
                0x20000640                msg17
                0x20000648                msg8
                0x20000650                gps1
                0x20000690                Gyro_msg
                0x200006c4                lon
                0x200006c8                longitude
                0x200006cc                com1
                0x2000070c                osd6
                0x20000748                altitude
                0x2000074c                msg0
                0x20000754                rad
                0x20000758                osd3
                0x20000794                GPS_m
                0x200007d2                msg14
                0x200007da                c9
                0x200007db                msg7
                0x200007e3                destX
                0x20000848                latitude
                0x2000084c                msg11
                0x20000854                c3
                0x20000855                msg4
                0x2000085d                gps4
                0x2000089c                huart2
                0x20000920                latitude_osd
                0x20000928                a
                0x20000930                gyroY
                0x20000934                framesize
                0x20000938                osd5
                0x20000974                footer_header
                0x2000098c                lat
                0x20000990                osd9
                0x200009cc                Gyro_X
                0x200009d0                . = ALIGN (0x4)
 *fill*         0x200009cd        0x3 
                0x200009d0                _ebss = .
                0x200009d0                __bss_end__ = _ebss

._user_heap_stack
                0x200009d0      0x600 load address 0x08002368
                0x200009d0                . = ALIGN (0x4)
                0x200009d0                PROVIDE (end, .)
                [!provide]                PROVIDE (_end, .)
                0x20000bd0                . = (. + _Min_Heap_Size)
 *fill*         0x200009d0      0x200 
                0x20000fd0                . = (. + _Min_Stack_Size)
 *fill*         0x20000bd0      0x400 
                0x20000fd0                . = ALIGN (0x4)

/DISCARD/
 libc.a(*)
 libm.a(*)
 libgcc.a(*)

.ARM.attributes
                0x00000000       0x30
 *(.ARM.attributes)
 .ARM.attributes
                0x00000000       0x22 c:/program files (x86)/atollic/truestudio for stm32 9.3.0/armtools/bin/../lib/gcc/arm-atollic-eabi/6.3.1/armv7e-m/fpu/crti.o
 .ARM.attributes
                0x00000022       0x34 c:/program files (x86)/atollic/truestudio for stm32 9.3.0/armtools/bin/../lib/gcc/arm-atollic-eabi/6.3.1/armv7e-m/fpu/crtbegin.o
 .ARM.attributes
                0x00000056       0x39 Drivers\STM32L4xx_HAL_Driver\Src\stm32l4xx_hal.o
 .ARM.attributes
                0x0000008f       0x39 Drivers\STM32L4xx_HAL_Driver\Src\stm32l4xx_hal_can.o
 .ARM.attributes
                0x000000c8       0x39 Drivers\STM32L4xx_HAL_Driver\Src\stm32l4xx_hal_cortex.o
 .ARM.attributes
                0x00000101       0x39 Drivers\STM32L4xx_HAL_Driver\Src\stm32l4xx_hal_dma.o
 .ARM.attributes
                0x0000013a       0x39 Drivers\STM32L4xx_HAL_Driver\Src\stm32l4xx_hal_gpio.o
 .ARM.attributes
                0x00000173       0x39 Drivers\STM32L4xx_HAL_Driver\Src\stm32l4xx_hal_pwr_ex.o
 .ARM.attributes
                0x000001ac       0x39 Drivers\STM32L4xx_HAL_Driver\Src\stm32l4xx_hal_rcc.o
 .ARM.attributes
                0x000001e5       0x39 Drivers\STM32L4xx_HAL_Driver\Src\stm32l4xx_hal_uart.o
 .ARM.attributes
                0x0000021e       0x39 Drivers\STM32L4xx_HAL_Driver\Src\stm32l4xx_hal_uart_ex.o
 .ARM.attributes
                0x00000257       0x39 Src\main.o
 .ARM.attributes
                0x00000290       0x39 Src\stm32l4xx_hal_msp.o
 .ARM.attributes
                0x000002c9       0x39 Src\stm32l4xx_it.o
 .ARM.attributes
                0x00000302       0x39 Src\system_stm32l4xx.o
 .ARM.attributes
                0x0000033b       0x21 startup\startup_stm32l476xx.o
 .ARM.attributes
                0x0000035c       0x34 c:/program files (x86)/atollic/truestudio for stm32 9.3.0/armtools/bin/../lib/gcc/arm-atollic-eabi/6.3.1/../../../../arm-atollic-eabi/lib/armv7e-m/fpu\libc_nano.a(lib_a-init.o)
 .ARM.attributes
                0x00000390       0x34 c:/program files (x86)/atollic/truestudio for stm32 9.3.0/armtools/bin/../lib/gcc/arm-atollic-eabi/6.3.1/../../../../arm-atollic-eabi/lib/armv7e-m/fpu\libc_nano.a(lib_a-memset.o)
 .ARM.attributes
                0x000003c4       0x22 c:/program files (x86)/atollic/truestudio for stm32 9.3.0/armtools/bin/../lib/gcc/arm-atollic-eabi/6.3.1/armv7e-m/fpu\libgcc.a(_aeabi_uldivmod.o)
 .ARM.attributes
                0x000003e6       0x34 c:/program files (x86)/atollic/truestudio for stm32 9.3.0/armtools/bin/../lib/gcc/arm-atollic-eabi/6.3.1/armv7e-m/fpu\libgcc.a(_udivmoddi4.o)
 .ARM.attributes
                0x0000041a       0x22 c:/program files (x86)/atollic/truestudio for stm32 9.3.0/armtools/bin/../lib/gcc/arm-atollic-eabi/6.3.1/armv7e-m/fpu\libgcc.a(_dvmd_tls.o)
 .ARM.attributes
                0x0000043c       0x22 c:/program files (x86)/atollic/truestudio for stm32 9.3.0/armtools/bin/../lib/gcc/arm-atollic-eabi/6.3.1/armv7e-m/fpu/crtn.o
OUTPUT(can_16_8_v3.elf elf32-littlearm)

.debug_info     0x00000000     0xe2cf
 .debug_info    0x00000000      0xde6 Drivers\STM32L4xx_HAL_Driver\Src\stm32l4xx_hal.o
 .debug_info    0x00000de6     0x120e Drivers\STM32L4xx_HAL_Driver\Src\stm32l4xx_hal_can.o
 .debug_info    0x00001ff4     0x109c Drivers\STM32L4xx_HAL_Driver\Src\stm32l4xx_hal_cortex.o
 .debug_info    0x00003090      0x952 Drivers\STM32L4xx_HAL_Driver\Src\stm32l4xx_hal_dma.o
 .debug_info    0x000039e2      0x98c Drivers\STM32L4xx_HAL_Driver\Src\stm32l4xx_hal_gpio.o
 .debug_info    0x0000436e      0xb0e Drivers\STM32L4xx_HAL_Driver\Src\stm32l4xx_hal_pwr_ex.o
 .debug_info    0x00004e7c      0xf0c Drivers\STM32L4xx_HAL_Driver\Src\stm32l4xx_hal_rcc.o
 .debug_info    0x00005d88     0x1dab Drivers\STM32L4xx_HAL_Driver\Src\stm32l4xx_hal_uart.o
 .debug_info    0x00007b33      0xaf9 Drivers\STM32L4xx_HAL_Driver\Src\stm32l4xx_hal_uart_ex.o
 .debug_info    0x0000862c     0x2dfa Src\main.o
 .debug_info    0x0000b426     0x129f Src\stm32l4xx_hal_msp.o
 .debug_info    0x0000c6c5     0x147e Src\stm32l4xx_it.o
 .debug_info    0x0000db43      0x6fb Src\system_stm32l4xx.o
 .debug_info    0x0000e23e       0x91 startup\startup_stm32l476xx.o

.debug_abbrev   0x00000000     0x1f58
 .debug_abbrev  0x00000000      0x28a Drivers\STM32L4xx_HAL_Driver\Src\stm32l4xx_hal.o
 .debug_abbrev  0x0000028a      0x2c4 Drivers\STM32L4xx_HAL_Driver\Src\stm32l4xx_hal_can.o
 .debug_abbrev  0x0000054e      0x314 Drivers\STM32L4xx_HAL_Driver\Src\stm32l4xx_hal_cortex.o
 .debug_abbrev  0x00000862      0x224 Drivers\STM32L4xx_HAL_Driver\Src\stm32l4xx_hal_dma.o
 .debug_abbrev  0x00000a86      0x1d7 Drivers\STM32L4xx_HAL_Driver\Src\stm32l4xx_hal_gpio.o
 .debug_abbrev  0x00000c5d      0x209 Drivers\STM32L4xx_HAL_Driver\Src\stm32l4xx_hal_pwr_ex.o
 .debug_abbrev  0x00000e66      0x258 Drivers\STM32L4xx_HAL_Driver\Src\stm32l4xx_hal_rcc.o
 .debug_abbrev  0x000010be      0x31d Drivers\STM32L4xx_HAL_Driver\Src\stm32l4xx_hal_uart.o
 .debug_abbrev  0x000013db      0x240 Drivers\STM32L4xx_HAL_Driver\Src\stm32l4xx_hal_uart_ex.o
 .debug_abbrev  0x0000161b      0x380 Src\main.o
 .debug_abbrev  0x0000199b      0x20b Src\stm32l4xx_hal_msp.o
 .debug_abbrev  0x00001ba6      0x255 Src\stm32l4xx_it.o
 .debug_abbrev  0x00001dfb      0x14b Src\system_stm32l4xx.o
 .debug_abbrev  0x00001f46       0x12 startup\startup_stm32l476xx.o

.debug_loc      0x00000000     0x44bd
 .debug_loc     0x00000000      0x1d5 Drivers\STM32L4xx_HAL_Driver\Src\stm32l4xx_hal.o
 .debug_loc     0x000001d5      0xa88 Drivers\STM32L4xx_HAL_Driver\Src\stm32l4xx_hal_can.o
 .debug_loc     0x00000c5d      0x4fb Drivers\STM32L4xx_HAL_Driver\Src\stm32l4xx_hal_cortex.o
 .debug_loc     0x00001158      0x5b7 Drivers\STM32L4xx_HAL_Driver\Src\stm32l4xx_hal_dma.o
 .debug_loc     0x0000170f      0x2c1 Drivers\STM32L4xx_HAL_Driver\Src\stm32l4xx_hal_gpio.o
 .debug_loc     0x000019d0      0x63b Drivers\STM32L4xx_HAL_Driver\Src\stm32l4xx_hal_pwr_ex.o
 .debug_loc     0x0000200b      0x5ed Drivers\STM32L4xx_HAL_Driver\Src\stm32l4xx_hal_rcc.o
 .debug_loc     0x000025f8     0x198d Drivers\STM32L4xx_HAL_Driver\Src\stm32l4xx_hal_uart.o
 .debug_loc     0x00003f85      0x2e0 Drivers\STM32L4xx_HAL_Driver\Src\stm32l4xx_hal_uart_ex.o
 .debug_loc     0x00004265       0x21 Src\main.o
 .debug_loc     0x00004286       0x79 Src\stm32l4xx_hal_msp.o
 .debug_loc     0x000042ff      0x1be Src\system_stm32l4xx.o

.debug_aranges  0x00000000      0x838
 .debug_aranges
                0x00000000      0x128 Drivers\STM32L4xx_HAL_Driver\Src\stm32l4xx_hal.o
 .debug_aranges
                0x00000128       0xc8 Drivers\STM32L4xx_HAL_Driver\Src\stm32l4xx_hal_can.o
 .debug_aranges
                0x000001f0       0xa8 Drivers\STM32L4xx_HAL_Driver\Src\stm32l4xx_hal_cortex.o
 .debug_aranges
                0x00000298       0x78 Drivers\STM32L4xx_HAL_Driver\Src\stm32l4xx_hal_dma.o
 .debug_aranges
                0x00000310       0x58 Drivers\STM32L4xx_HAL_Driver\Src\stm32l4xx_hal_gpio.o
 .debug_aranges
                0x00000368      0x130 Drivers\STM32L4xx_HAL_Driver\Src\stm32l4xx_hal_pwr_ex.o
 .debug_aranges
                0x00000498       0x88 Drivers\STM32L4xx_HAL_Driver\Src\stm32l4xx_hal_rcc.o
 .debug_aranges
                0x00000520      0x1a0 Drivers\STM32L4xx_HAL_Driver\Src\stm32l4xx_hal_uart.o
 .debug_aranges
                0x000006c0       0x58 Drivers\STM32L4xx_HAL_Driver\Src\stm32l4xx_hal_uart_ex.o
 .debug_aranges
                0x00000718       0x38 Src\main.o
 .debug_aranges
                0x00000750       0x40 Src\stm32l4xx_hal_msp.o
 .debug_aranges
                0x00000790       0x58 Src\stm32l4xx_it.o
 .debug_aranges
                0x000007e8       0x28 Src\system_stm32l4xx.o
 .debug_aranges
                0x00000810       0x28 startup\startup_stm32l476xx.o

.debug_ranges   0x00000000      0x930
 .debug_ranges  0x00000000      0x118 Drivers\STM32L4xx_HAL_Driver\Src\stm32l4xx_hal.o
 .debug_ranges  0x00000118       0xb8 Drivers\STM32L4xx_HAL_Driver\Src\stm32l4xx_hal_can.o
 .debug_ranges  0x000001d0      0x128 Drivers\STM32L4xx_HAL_Driver\Src\stm32l4xx_hal_cortex.o
 .debug_ranges  0x000002f8       0xa0 Drivers\STM32L4xx_HAL_Driver\Src\stm32l4xx_hal_dma.o
 .debug_ranges  0x00000398       0x68 Drivers\STM32L4xx_HAL_Driver\Src\stm32l4xx_hal_gpio.o
 .debug_ranges  0x00000400      0x120 Drivers\STM32L4xx_HAL_Driver\Src\stm32l4xx_hal_pwr_ex.o
 .debug_ranges  0x00000520       0x90 Drivers\STM32L4xx_HAL_Driver\Src\stm32l4xx_hal_rcc.o
 .debug_ranges  0x000005b0      0x190 Drivers\STM32L4xx_HAL_Driver\Src\stm32l4xx_hal_uart.o
 .debug_ranges  0x00000740       0x48 Drivers\STM32L4xx_HAL_Driver\Src\stm32l4xx_hal_uart_ex.o
 .debug_ranges  0x00000788       0xa8 Src\main.o
 .debug_ranges  0x00000830       0x80 Src\stm32l4xx_hal_msp.o
 .debug_ranges  0x000008b0       0x48 Src\stm32l4xx_it.o
 .debug_ranges  0x000008f8       0x18 Src\system_stm32l4xx.o
 .debug_ranges  0x00000910       0x20 startup\startup_stm32l476xx.o

.debug_line     0x00000000     0x43f4
 .debug_line    0x00000000      0x4c7 Drivers\STM32L4xx_HAL_Driver\Src\stm32l4xx_hal.o
 .debug_line    0x000004c7      0x612 Drivers\STM32L4xx_HAL_Driver\Src\stm32l4xx_hal_can.o
 .debug_line    0x00000ad9      0x499 Drivers\STM32L4xx_HAL_Driver\Src\stm32l4xx_hal_cortex.o
 .debug_line    0x00000f72      0x4fb Drivers\STM32L4xx_HAL_Driver\Src\stm32l4xx_hal_dma.o
 .debug_line    0x0000146d      0x400 Drivers\STM32L4xx_HAL_Driver\Src\stm32l4xx_hal_gpio.o
 .debug_line    0x0000186d      0x5b6 Drivers\STM32L4xx_HAL_Driver\Src\stm32l4xx_hal_pwr_ex.o
 .debug_line    0x00001e23      0x5f1 Drivers\STM32L4xx_HAL_Driver\Src\stm32l4xx_hal_rcc.o
 .debug_line    0x00002414      0xdf9 Drivers\STM32L4xx_HAL_Driver\Src\stm32l4xx_hal_uart.o
 .debug_line    0x0000320d      0x382 Drivers\STM32L4xx_HAL_Driver\Src\stm32l4xx_hal_uart_ex.o
 .debug_line    0x0000358f      0x4d6 Src\main.o
 .debug_line    0x00003a65      0x30d Src\stm32l4xx_hal_msp.o
 .debug_line    0x00003d72      0x38c Src\stm32l4xx_it.o
 .debug_line    0x000040fe      0x278 Src\system_stm32l4xx.o
 .debug_line    0x00004376       0x7e startup\startup_stm32l476xx.o

.debug_str      0x00000000     0x3f8f
 .debug_str     0x00000000      0xe79 Drivers\STM32L4xx_HAL_Driver\Src\stm32l4xx_hal.o
                                0xf0d (size before relaxing)
 .debug_str     0x00000e79      0x7b3 Drivers\STM32L4xx_HAL_Driver\Src\stm32l4xx_hal_can.o
                                0xc80 (size before relaxing)
 .debug_str     0x0000162c      0x4a1 Drivers\STM32L4xx_HAL_Driver\Src\stm32l4xx_hal_cortex.o
                                0xe4c (size before relaxing)
 .debug_str     0x00001acd      0x3d8 Drivers\STM32L4xx_HAL_Driver\Src\stm32l4xx_hal_dma.o
                                0x85d (size before relaxing)
 .debug_str     0x00001ea5      0x1da Drivers\STM32L4xx_HAL_Driver\Src\stm32l4xx_hal_gpio.o
                                0x791 (size before relaxing)
 .debug_str     0x0000207f      0x52d Drivers\STM32L4xx_HAL_Driver\Src\stm32l4xx_hal_pwr_ex.o
                                0xa16 (size before relaxing)
 .debug_str     0x000025ac      0x35c Drivers\STM32L4xx_HAL_Driver\Src\stm32l4xx_hal_rcc.o
                                0xa79 (size before relaxing)
 .debug_str     0x00002908      0x8bd Drivers\STM32L4xx_HAL_Driver\Src\stm32l4xx_hal_uart.o
                               0x10cc (size before relaxing)
 .debug_str     0x000031c5      0x18e Drivers\STM32L4xx_HAL_Driver\Src\stm32l4xx_hal_uart_ex.o
                                0xa11 (size before relaxing)
 .debug_str     0x00003353      0xb1a Src\main.o
                               0x2002 (size before relaxing)
 .debug_str     0x00003e6d       0x1b Src\stm32l4xx_hal_msp.o
                               0x1113 (size before relaxing)
 .debug_str     0x00003e88       0xcc Src\stm32l4xx_it.o
                                0xf57 (size before relaxing)
 .debug_str     0x00003f54       0x3b Src\system_stm32l4xx.o
                                0x5df (size before relaxing)

.comment        0x00000000       0x7c
 .comment       0x00000000       0x7c Drivers\STM32L4xx_HAL_Driver\Src\stm32l4xx_hal.o
                                 0x7d (size before relaxing)
 .comment       0x0000007c       0x7d Drivers\STM32L4xx_HAL_Driver\Src\stm32l4xx_hal_can.o
 .comment       0x0000007c       0x7d Drivers\STM32L4xx_HAL_Driver\Src\stm32l4xx_hal_cortex.o
 .comment       0x0000007c       0x7d Drivers\STM32L4xx_HAL_Driver\Src\stm32l4xx_hal_dma.o
 .comment       0x0000007c       0x7d Drivers\STM32L4xx_HAL_Driver\Src\stm32l4xx_hal_gpio.o
 .comment       0x0000007c       0x7d Drivers\STM32L4xx_HAL_Driver\Src\stm32l4xx_hal_pwr_ex.o
 .comment       0x0000007c       0x7d Drivers\STM32L4xx_HAL_Driver\Src\stm32l4xx_hal_rcc.o
 .comment       0x0000007c       0x7d Drivers\STM32L4xx_HAL_Driver\Src\stm32l4xx_hal_uart.o
 .comment       0x0000007c       0x7d Drivers\STM32L4xx_HAL_Driver\Src\stm32l4xx_hal_uart_ex.o
 .comment       0x0000007c       0x7d Src\main.o
 .comment       0x0000007c       0x7d Src\stm32l4xx_hal_msp.o
 .comment       0x0000007c       0x7d Src\stm32l4xx_it.o
 .comment       0x0000007c       0x7d Src\system_stm32l4xx.o

.debug_frame    0x00000000     0x1564
 .debug_frame   0x00000000      0x280 Drivers\STM32L4xx_HAL_Driver\Src\stm32l4xx_hal.o
 .debug_frame   0x00000280      0x2cc Drivers\STM32L4xx_HAL_Driver\Src\stm32l4xx_hal_can.o
 .debug_frame   0x0000054c      0x158 Drivers\STM32L4xx_HAL_Driver\Src\stm32l4xx_hal_cortex.o
 .debug_frame   0x000006a4      0x140 Drivers\STM32L4xx_HAL_Driver\Src\stm32l4xx_hal_dma.o
 .debug_frame   0x000007e4       0xd8 Drivers\STM32L4xx_HAL_Driver\Src\stm32l4xx_hal_gpio.o
 .debug_frame   0x000008bc      0x278 Drivers\STM32L4xx_HAL_Driver\Src\stm32l4xx_hal_pwr_ex.o
 .debug_frame   0x00000b34      0x160 Drivers\STM32L4xx_HAL_Driver\Src\stm32l4xx_hal_rcc.o
 .debug_frame   0x00000c94      0x558 Drivers\STM32L4xx_HAL_Driver\Src\stm32l4xx_hal_uart.o
 .debug_frame   0x000011ec       0xbc Drivers\STM32L4xx_HAL_Driver\Src\stm32l4xx_hal_uart_ex.o
 .debug_frame   0x000012a8       0x7c Src\main.o
 .debug_frame   0x00001324       0x84 Src\stm32l4xx_hal_msp.o
 .debug_frame   0x000013a8       0xd8 Src\stm32l4xx_it.o
 .debug_frame   0x00001480       0x38 Src\system_stm32l4xx.o
 .debug_frame   0x000014b8       0x2c c:/program files (x86)/atollic/truestudio for stm32 9.3.0/armtools/bin/../lib/gcc/arm-atollic-eabi/6.3.1/../../../../arm-atollic-eabi/lib/armv7e-m/fpu\libc_nano.a(lib_a-init.o)
 .debug_frame   0x000014e4       0x20 c:/program files (x86)/atollic/truestudio for stm32 9.3.0/armtools/bin/../lib/gcc/arm-atollic-eabi/6.3.1/../../../../arm-atollic-eabi/lib/armv7e-m/fpu\libc_nano.a(lib_a-memset.o)
 .debug_frame   0x00001504       0x2c c:/program files (x86)/atollic/truestudio for stm32 9.3.0/armtools/bin/../lib/gcc/arm-atollic-eabi/6.3.1/armv7e-m/fpu\libgcc.a(_aeabi_uldivmod.o)
 .debug_frame   0x00001530       0x34 c:/program files (x86)/atollic/truestudio for stm32 9.3.0/armtools/bin/../lib/gcc/arm-atollic-eabi/6.3.1/armv7e-m/fpu\libgcc.a(_udivmoddi4.o)
